
> healthtech-triage@1.0.0 test
> jest InMemoryRepositories

npm : FAIL tests/unit/InMemoryRepositories.spec.ts
En línea: 1 Carácter: 1
+ npm test -- InMemoryRepositories 2>&1 | Tee-Object -FilePath f:\Healt ...
+ ~~~~~~~~~~~~~~~~~~~~~~~~~~~~~~~~~~~~~
    + CategoryInfo          : NotSpecified: (FAIL tests/unit...itories.spec 
   .ts:String) [], RemoteException
    + FullyQualifiedErrorId : NativeCommandError
 
  In-Memory Repositories
    InMemoryPatientRepository
      ├ù debe guardar y recuperar un paciente por ID (1 ms)
      ├ù debe retornar null cuando el paciente no existe
      ├ù debe recuperar todos los pacientes (2 ms)
      ├ù debe buscar paciente por documentId (1 ms)
    InMemoryVitalsRepository
      ÔêÜ debe guardar y recuperar signos vitales por patientId (1 ms)
      ÔêÜ debe recuperar todos los signos vitales de un paciente
      ÔêÜ debe recuperar el ├║ltimo signo vital registrado (1 ms)
    InMemoryAuditRepository
      ÔêÜ debe guardar log de auditor├¡a exitosamente
      ÔêÜ debe recuperar logs por userId (1 ms)
      ÔêÜ debe recuperar logs por action (1 ms)
      ÔêÜ debe recuperar logs por patientId (1 ms)

  ÔùÅ In-Memory Repositories ÔÇ║ InMemoryPatientRepository ÔÇ║ debe guardar 
y recuperar un paciente por ID

    TypeError: Cannot read properties of undefined (reading 'isSuccess')

    [0m [90m 35 |[39m
     [90m 36 |[39m       [90m// Assert[39m
    [31m[1m>[22m[39m[90m 37 |[39m       expect(saveResult[33m.[39mis
Success)[33m.[39mtoBe([36mtrue[39m)[33m;[39m
     [90m    |[39m                         [31m[1m^[22m[39m
     [90m 38 |[39m       expect(findResult[33m.[39misSuccess)[33m.[39m
toBe([36mtrue[39m)[33m;[39m
     [90m 39 |[39m       expect(findResult[33m.[39mvalue[33m?[39m[33m
.[39mfirstName)[33m.[39mtoBe([32m'John'[39m)[33m;[39m
     [90m 40 |[39m       expect(findResult[33m.[39mvalue[33m?[39m[33m
.[39mid)[33m.[39mtoBe([32m'patient-123'[39m)[33m;[39m[0m

      at Object.<anonymous> (tests/unit/InMemoryRepositories.spec.ts:37:25)

  ÔùÅ In-Memory Repositories ÔÇ║ InMemoryPatientRepository ÔÇ║ debe 
retornar null cuando el paciente no existe

    TypeError: Cannot read properties of null (reading 'isSuccess')

    [0m [90m 46 |[39m
     [90m 47 |[39m       [90m// Assert[39m
    [31m[1m>[22m[39m[90m 48 |[39m       
expect(result[33m.[39misSuccess)[33m.[39mtoBe([36mtrue[39m)[33m;[39m
     [90m    |[39m                     [31m[1m^[22m[39m
     [90m 49 |[39m       
expect(result[33m.[39mvalue)[33m.[39mtoBeNull()[33m;[39m
     [90m 50 |[39m     })[33m;[39m
     [90m 51 |[39m[0m

      at Object.<anonymous> (tests/unit/InMemoryRepositories.spec.ts:48:21)

  ÔùÅ In-Memory Repositories ÔÇ║ InMemoryPatientRepository ÔÇ║ debe 
recuperar todos los pacientes

    expect(received).toBe(expected) // Object.is equality

    Expected: true
    Received: undefined

    [0m [90m 75 |[39m
     [90m 76 |[39m       [90m// Assert[39m
    [31m[1m>[22m[39m[90m 77 |[39m       
expect(result[33m.[39misSuccess)[33m.[39mtoBe([36mtrue[39m)[33m;[39m
     [90m    |[39m                                [31m[1m^[22m[39m
     [90m 78 |[39m       expect(result[33m.[39mvalue[33m?[39m[33m.[3
9mlength)[33m.[39mtoBe([35m2[39m)[33m;[39m
     [90m 79 |[39m     })[33m;[39m
     [90m 80 |[39m[0m

      at Object.<anonymous> (tests/unit/InMemoryRepositories.spec.ts:77:32)

  ÔùÅ In-Memory Repositories ÔÇ║ InMemoryPatientRepository ÔÇ║ debe buscar 
paciente por documentId

    TypeError: repository.findByDocumentId is not a function

    [0m [90m 93 |[39m       [90m// Act[39m
     [90m 94 |[39m       [36mawait[39m 
repository[33m.[39msave(patient)[33m;[39m
    [31m[1m>[22m[39m[90m 95 |[39m       [36mconst[39m result 
[33m=[39m [36mawait[39m 
repository[33m.[39mfindByDocumentId([32m'DOC-123456'[39m)[33m;[39m
     [90m    |[39m                                       
[31m[1m^[22m[39m
     [90m 96 |[39m
     [90m 97 |[39m       [90m// Assert[39m
     [90m 98 |[39m       expect(result[33m.[39misSuccess)[33m.[39mtoBe
([36mtrue[39m)[33m;[39m[0m

      at Object.<anonymous> (tests/unit/InMemoryRepositories.spec.ts:95:39)

----------------------------------|---------|----------|---------|---------|-----------------------
File                              | % Stmts | % Branch | % Funcs | % Lines | Uncovered Line #s     
----------------------------------|---------|----------|---------|---------|-----------------------
All files                         |    1.21 |     0.72 |    1.42 |    1.21 |                       
 src                              |       0 |        0 |       0 |       0 |                       
  app.ts                          |       0 |      100 |       0 |       0 | 16-54                 
  server.ts                       |       0 |        0 |       0 |       0 | 14-132                
 src/application                  |       0 |        0 |       0 |       0 |                       
  AuditService.ts                 |       0 |        0 |       0 |       0 | 1-283                 
  NotificationService.ts          |       0 |        0 |       0 |       0 | 1-200                 
  PatientService.ts               |       0 |        0 |       0 |       0 | 12-192                
  VitalsService.ts                |       0 |        0 |       0 |       0 | 1-292                 
 src/application/use-cases        |       0 |        0 |       0 |       0 |                       
  AddCommentToPatientUseCase.ts   |       0 |        0 |       0 |       0 | 8-114                 
  AssignDoctorToPatientUseCase.ts |       0 |        0 |       0 |       0 | 34-99                 
  CreateUserUseCase.ts            |       0 |        0 |       0 |       0 | 10-188                
  GetDoctorPatientsUseCase.ts     |       0 |        0 |       0 |       0 | 24-56                 
  UpdatePatientStatusUseCase.ts   |       0 |        0 |       0 |       0 | 9-75                  
 src/domain                       |       0 |        0 |       0 |       0 |                       
  TriageEngine.ts                 |       0 |        0 |       0 |       0 | 85-275                
 src/domain/entities              |       0 |        0 |       0 |       0 |                       
  Doctor.ts                       |       0 |        0 |       0 |       0 | 10-197                
  Nurse.ts                        |       0 |        0 |       0 |       0 | 8-152                 
  Patient.ts                      |       0 |        0 |       0 |       0 | 12-336                
  PatientComment.ts               |       0 |        0 |       0 |       0 | 10-161                
  User.ts                         |       0 |        0 |       0 |       0 | 10-152                
 src/domain/errors                |       0 |        0 |       0 |       0 |                       
  NotificationErrors.ts           |       0 |        0 |       0 |       0 | 14-62                 
  PatientErrors.ts                |       0 |        0 |       0 |       0 | 15-81                 
  TriageErrors.ts                 |       0 |        0 |       0 |       0 | 14-58                 
  VitalsErrors.ts                 |       0 |        0 |       0 |       0 | 14-94                 
 src/shared                       |    8.33 |     5.26 |    9.09 |    8.39 |                       
  Logger.ts                       |       0 |        0 |       0 |       0 | 13-173                
  Result.ts                       |   20.75 |    13.63 |   18.75 |   20.75 | 43,47,64-79,89,98-219 
  validators.ts                   |       0 |        0 |       0 |       0 | 11-112                
----------------------------------|---------|----------|---------|---------|-----------------------
Jest: "./src/app.ts" coverage threshold for statements (80%) not met: 0%
Jest: "./src/app.ts" coverage threshold for lines (80%) not met: 0%
Jest: "./src/app.ts" coverage threshold for functions (80%) not met: 0%
Test Suites: 1 failed, 1 total
Tests:       4 failed, 7 passed, 11 total
Snapshots:   0 total
Time:        2.62 s
Ran all test suites matching /InMemoryRepositories/i.
